// Jest Snapshot v1, https://goo.gl/fbAQLP

exports[`Components > SideBar > Layout should render the component generic 1`] = `
<div
  className="sideBarContainer MuiBox-root css-0"
>
  <a
    className="logoLocation"
    href="/"
    onClick={[Function]}
  >
    <img
      alt=""
      src="default"
    />
  </a>
  <div
    className="differentMenus MuiBox-root css-0"
  >
    <a
      className="Menu"
      href="/login"
      id="menu1"
      onClick={[Function]}
    >
      <div
        className="menuIcon MuiBox-root css-0"
      >
        <svg
          aria-hidden={true}
          className="MuiSvgIcon-root MuiSvgIcon-fontSizeMedium css-i4bv87-MuiSvgIcon-root"
          data-testid="LoginOutlinedIcon"
          focusable="false"
          viewBox="0 0 24 24"
        >
          <path
            d="M11 7 9.6 8.4l2.6 2.6H2v2h10.2l-2.6 2.6L11 17l5-5-5-5zm9 12h-8v2h8c1.1 0 2-.9 2-2V5c0-1.1-.9-2-2-2h-8v2h8v14z"
          />
        </svg>
      </div>
      <div
        className="menuLabel MuiBox-root css-0"
      >
        Login / Sign in
      </div>
    </a>
    <a
      className="Menu"
      href="/"
      id="menu2"
      onClick={[Function]}
    >
      <div
        className="menuIcon MuiBox-root css-0"
      >
        <svg
          aria-hidden={true}
          className="MuiSvgIcon-root MuiSvgIcon-fontSizeMedium css-i4bv87-MuiSvgIcon-root"
          data-testid="HomeOutlinedIcon"
          focusable="false"
          viewBox="0 0 24 24"
        >
          <path
            d="m12 5.69 5 4.5V18h-2v-6H9v6H7v-7.81l5-4.5M12 3 2 12h3v8h6v-6h2v6h6v-8h3L12 3z"
          />
        </svg>
      </div>
      <div
        className="menuLabel MuiBox-root css-0"
      >
        Home
      </div>
    </a>
    <a
      className="Menu"
      href="/articles"
      id="menu3"
      onClick={[Function]}
    >
      <div
        className="menuIcon MuiBox-root css-0"
      >
        <svg
          aria-hidden={true}
          className="MuiSvgIcon-root MuiSvgIcon-fontSizeMedium css-i4bv87-MuiSvgIcon-root"
          data-testid="DescriptionOutlinedIcon"
          focusable="false"
          viewBox="0 0 24 24"
        >
          <path
            d="M8 16h8v2H8zm0-4h8v2H8zm6-10H6c-1.1 0-2 .9-2 2v16c0 1.1.89 2 1.99 2H18c1.1 0 2-.9 2-2V8l-6-6zm4 18H6V4h7v5h5v11z"
          />
        </svg>
      </div>
      <div
        className="menuLabel MuiBox-root css-0"
      >
        Articles
      </div>
    </a>
  </div>
</div>
`;
