// Jest Snapshot v1, https://goo.gl/fbAQLP

exports[`Components > CryptoArray > CryptoArrayDisplay should render the component generic 1`] = `
<div
  className="userLocation"
>
  <div
    className="userProfilePicture"
  >
    <img
      src="default"
    />
  </div>
  <div
    className="usernameContainer"
  >
    <div
      className="userName"
    >
      Arnaud B
    </div>
    <div
      className="userMail"
    >
      arnaud.bourgoin@gmail.com
    </div>
  </div>
</div>
`;
