// Jest Snapshot v1, https://goo.gl/fbAQLP

exports[`Components > SideBar > User should render the component generic 1`] = `
<a
  className="userLocation"
  href="/profile"
  onClick={[Function]}
>
  <div
    className="userProfilePicture MuiBox-root css-0"
  >
    <img
      alt=""
      src="default"
    />
  </div>
  <div
    className="usernameContainer MuiBox-root css-0"
  >
    <div
      className="userName MuiBox-root css-0"
    />
    <div
      className="userMail MuiBox-root css-0"
    />
    ;
  </div>
</a>
`;
