// Jest Snapshot v1, https://goo.gl/fbAQLP

exports[`Components > Articles > Layout should render the component generic 1`] = `
<div
  className="articleMasterContainer MuiBox-root css-0"
>
  <div
    className="articleSampleContainer MuiBox-root css-0"
  >
    <div
      className="articleSample MuiBox-root css-0"
    >
      <div
        className="articleThumbnail MuiBox-root css-0"
      >
        <img
          alt=""
          src="default"
        />
      </div>
      <div
        className="articleSampleContent MuiBox-root css-0"
      >
        <div
          className="articleTitle MuiBox-root css-0"
        >
          <h3>
            Bitcoin Collapse
          </h3>
        </div>
        <div
          className="articleSampleContent MuiBox-root css-0"
        >
          <p>
            In recent times, the once-revered and volatile king of cryptocurrencies, Bitcoin, has experienced a notable decline, leaving investors and enthusiasts puzzled. This downturn questions about the long-term sustainability of the digital currency and its ever-evolving landscape of finance and technology.
            <style
              dangerouslySetInnerHTML={
                {
                  "__html": ".css-12u91cq-MuiLink-root{-webkit-text-decoration:underline;text-decoration:underline;text-decoration-color:rgba(25, 118, 210, 0.4);}.css-12u91cq-MuiLink-root:hover{text-decoration-color:inherit;}",
                }
              }
              data-emotion="css 12u91cq-MuiLink-root"
            />
            <style
              dangerouslySetInnerHTML={
                {
                  "__html": ".css-1xylxj1-MuiTypography-root-MuiLink-root{margin:0;font:inherit;color:#1976d2;-webkit-text-decoration:underline;text-decoration:underline;text-decoration-color:rgba(25, 118, 210, 0.4);}.css-1xylxj1-MuiTypography-root-MuiLink-root:hover{text-decoration-color:inherit;}",
                }
              }
              data-emotion="css 1xylxj1-MuiTypography-root-MuiLink-root"
            />
            <a
              className="MuiTypography-root MuiTypography-inherit MuiLink-root MuiLink-underlineAlways css-1xylxj1-MuiTypography-root-MuiLink-root"
              onBlur={[Function]}
              onFocus={[Function]}
            >
              Plus ....
            </a>
          </p>
        </div>
        <div
          className="articleDateSample MuiBox-root css-0"
        >
          <h4>
            November 13, 2023
          </h4>
        </div>
      </div>
    </div>
  </div>
  <div
    className="articleSampleContainer MuiBox-root css-0"
  >
    <div
      className="articleSample MuiBox-root css-0"
    >
      <div
        className="articleThumbnail MuiBox-root css-0"
      >
        <img
          alt=""
          src="default"
        />
      </div>
      <div
        className="articleSampleContent MuiBox-root css-0"
      >
        <div
          className="articleTitle MuiBox-root css-0"
        >
          <h3>
            Bitcoin Collapse
          </h3>
        </div>
        <div
          className="articleSampleContent MuiBox-root css-0"
        >
          <p>
            In recent times, the once-revered and volatile king of cryptocurrencies, Bitcoin, has experienced a notable decline, leaving investors and enthusiasts puzzled. This downturn questions about the long-term sustainability of the digital currency and its ever-evolving landscape of finance and technology.
            <a
              className="MuiTypography-root MuiTypography-inherit MuiLink-root MuiLink-underlineAlways css-1xylxj1-MuiTypography-root-MuiLink-root"
              onBlur={[Function]}
              onFocus={[Function]}
            >
              Plus ....
            </a>
          </p>
        </div>
        <div
          className="articleDateSample MuiBox-root css-0"
        >
          <h4>
            November 13, 2023
          </h4>
        </div>
      </div>
    </div>
  </div>
  <div
    className="articleSampleContainer MuiBox-root css-0"
  >
    <div
      className="articleSample MuiBox-root css-0"
    >
      <div
        className="articleThumbnail MuiBox-root css-0"
      >
        <img
          alt=""
          src="default"
        />
      </div>
      <div
        className="articleSampleContent MuiBox-root css-0"
      >
        <div
          className="articleTitle MuiBox-root css-0"
        >
          <h3>
            Bitcoin Collapse
          </h3>
        </div>
        <div
          className="articleSampleContent MuiBox-root css-0"
        >
          <p>
            In recent times, the once-revered and volatile king of cryptocurrencies, Bitcoin, has experienced a notable decline, leaving investors and enthusiasts puzzled. This downturn questions about the long-term sustainability of the digital currency and its ever-evolving landscape of finance and technology.
            <a
              className="MuiTypography-root MuiTypography-inherit MuiLink-root MuiLink-underlineAlways css-1xylxj1-MuiTypography-root-MuiLink-root"
              onBlur={[Function]}
              onFocus={[Function]}
            >
              Plus ....
            </a>
          </p>
        </div>
        <div
          className="articleDateSample MuiBox-root css-0"
        >
          <h4>
            November 13, 2023
          </h4>
        </div>
      </div>
    </div>
  </div>
  <div
    className="articleSampleContainer MuiBox-root css-0"
  >
    <div
      className="articleSample MuiBox-root css-0"
    >
      <div
        className="articleThumbnail MuiBox-root css-0"
      >
        <img
          alt=""
          src="default"
        />
      </div>
      <div
        className="articleSampleContent MuiBox-root css-0"
      >
        <div
          className="articleTitle MuiBox-root css-0"
        >
          <h3>
            Bitcoin Collapse
          </h3>
        </div>
        <div
          className="articleSampleContent MuiBox-root css-0"
        >
          <p>
            In recent times, the once-revered and volatile king of cryptocurrencies, Bitcoin, has experienced a notable decline, leaving investors and enthusiasts puzzled. This downturn questions about the long-term sustainability of the digital currency and its ever-evolving landscape of finance and technology.
            <a
              className="MuiTypography-root MuiTypography-inherit MuiLink-root MuiLink-underlineAlways css-1xylxj1-MuiTypography-root-MuiLink-root"
              onBlur={[Function]}
              onFocus={[Function]}
            >
              Plus ....
            </a>
          </p>
        </div>
        <div
          className="articleDateSample MuiBox-root css-0"
        >
          <h4>
            November 13, 2023
          </h4>
        </div>
      </div>
    </div>
  </div>
</div>
`;
