// Jest Snapshot v1, https://goo.gl/fbAQLP

exports[`Components > Articles > Details > Layout should render the component generic 1`] = `
<div
  className="fullArticleDisplay MuiBox-root css-0"
>
  <div
    className="articleHeader MuiBox-root css-0"
  >
    <div
      className="articleThumbnail MuiBox-root css-0"
    >
      <img
        alt=""
        src="default"
      />
    </div>
    <div
      className="articleTitleContainer MuiBox-root css-0"
    >
      <div
        className="title MuiBox-root css-0"
      >
        <h3>
          Bitcoin Collapse
        </h3>
      </div>
      <div
        className="dateAndSource MuiBox-root css-0"
      >
        <h4>
          From ChatGPT the 2023-11-13
        </h4>
      </div>
    </div>
  </div>
  <div
    className="fullArticleContent MuiBox-root css-0"
  >
    <div
      className="contentContainer MuiBox-root css-0"
    >
      <p>
        LOREM IPSUM
      </p>
    </div>
    <div
      className="contentContainer MuiBox-root css-0"
    >
      <h3>
        Regulatory Challenges:
      </h3>
      <p>
        LOREM IPSUM
      </p>
    </div>
    <div
      className="contentContainer MuiBox-root css-0"
    >
      <h3>
        Environmental Concerns:
      </h3>
      <p>
        LOREM IPSUM
      </p>
    </div>
    <div
      className="contentContainer MuiBox-root css-0"
    >
      <h3>
        Technological Challenges:
      </h3>
      <p>
        LOREM IPSUM
      </p>
    </div>
    <div
      className="contentContainer MuiBox-root css-0"
    >
      <h3>
        Market Volatility:
      </h3>
      <p>
        LOREM IPSUM
      </p>
    </div>
    <div
      className="contentContainer MuiBox-root css-0"
    >
      <h3>
        Conclusion:
      </h3>
      <p>
        LOREM IPSUM
      </p>
    </div>
  </div>
</div>
`;
