// Jest Snapshot v1, https://goo.gl/fbAQLP

exports[`Components > FullArticle > ArticleHeader should render the component generic 1`] = `
<div
  className="articleHeader"
>
  <div
    className="articleThumbnail"
  >
    <img
      alt=""
      src="default"
    />
  </div>
  <div
    className="articleTitleContainer"
  >
    <div
      className="title"
    >
      Bitcoin Collapse
    </div>
    <div
      className="dateAndSource"
    >
      From ChatGPT the 2023-11-13
    </div>
  </div>
</div>
`;
