// Jest Snapshot v1, https://goo.gl/fbAQLP

exports[`Components > FullArticle > FullArticleContent should render the component generic 1`] = `
<div
  className="fullArticleContent"
>
  <p>
    In recent times, the once-revered and volatile king of cryptocurrencies, Bitcoin, has experienced a notable decline, leaving investors and enthusiasts puzzled. This downturn raises questions about the long-term sustainability of the digital currency and its role in the ever-evolving landscape of finance and technology.
  </p>
  <h3>
    Regulatory Challenges:
  </h3>
  <p>
    One of the primary factors contributing to the decline of Bitcoin is the increasing scrutiny and regulatory challenges it faces globally. Governments and financial institutions have become more assertive in imposing regulations, with concerns about money laundering, tax evasion, and consumer protection. This heightened regulatory environment has dampened the enthusiasm of potential investors and raised uncertainties about the future of Bitcoin.
  </p>
  <h3>
    Environmental Concerns:
  </h3>
  <p>
    Bitcoin' proof-of-work consensus mechanism, which requires extensive computational power, has drawn criticism due to its significant environmental impact. The energy consumption associated with Bitcoin mining has become a focal point for environmentalists and policymakers alike. As the world grapples with the consequences of climate change, the carbon footprint of Bitcoin has led to growing concerns, prompting some investors to reconsider their support for the cryptocurrency.
  </p>
  <h3>
    Technological Challenges:
  </h3>
  <p>
    The cryptocurrency space is dynamic, with new and innovative projects constantly emerging. Bitcoin, however, has faced criticism for its relatively slow transaction speeds and scalability issues. As newer cryptocurrencies offer more efficient and scalable solutions, Bitcoin's technological limitations have become more apparent, contributing to its decline in popularity among users and investors.
  </p>
  <h3>
    Market Volatility:
  </h3>
  <p>
    Bitcoin's notorious price volatility has long been a double-edged sword. While it attracted speculative traders seeking quick gains, it also deterred more conservative investors. The recent market fluctuations and wild price swings have eroded confidence in Bitcoin's stability. The lack of a clear pricing trend and the potential for substantial losses have led some investors to explore alternative, more stable investment opportunities.
  </p>
  <h3>
    Conclusion:
  </h3>
  <p>
    The decline of Bitcoin is a multifaceted issue, encompassing regulatory challenges, environmental concerns, technological limitations, market volatility, and the emergence of formidable competitors. While the cryptocurrency's future remains uncertain, it is evident that the landscape is evolving, and investors must carefully consider these factors when navigating the turbulent waters of the digital currency market. Only time will tell whether Bitcoin can adapt and overcome these challenges or if it will continue its descent into the shadows of the cryptocurrency realm.
  </p>
</div>
`;
