// Jest Snapshot v1, https://goo.gl/fbAQLP

exports[`Components > ArticleThumbnails > OneArticleSample should render the component generic 1`] = `
<div
  className="articleSample"
>
  <div
    className="articleThumbnail"
  >
    <img
      src="default"
    />
  </div>
  <div
    className="articleSampleContent"
  >
    <div
      className="articleTitle"
    >
      Bitcoin Collapse
    </div>
    <div
      className="articleSampleContent"
    >
      <p>
        In recent times, the once-revered and volatile king of cryptocurrencies, Bitcoin, has experienced a notable decline, leaving investors and enthusiasts puzzled. This downturn raises questions about the long-term sustainability of the digital currency and its role in the ever-evolving landscape of finance and technology. 
        <a>
          Plus ....
        </a>
      </p>
    </div>
    <div
      className="articleDateSample"
    >
      November 13, 2023
    </div>
  </div>
</div>
`;
